^C已加载掘金登录状态
第 1 页: 获取 17 条
第 2 页: 获取 19 条
第 3 页: 获取 19 条
第 4 页: 获取 18 条
第 5 页: 获取 20 条
第 6 页: 获取 19 条
沸点共 100 条，耗时 5.8s
已写入 MySQL 库 juejin: 沸点 100 条, 评论 0 条（已替换旧评论）
评论巡检: 近 3 天沸点 143 条，本次已抓 0 条，巡检 143 条
  巡检进度 20/143
  巡检进度 40/143
  巡检进度 60/143
  巡检进度 80/143
  巡检进度 100/143
  巡检进度 120/143
  巡检进度 140/143
  巡检进度 143/143
评论巡检完成: 覆盖 143 条沸点，刷新评论 4036 条，耗时 980.7s
总耗时: 987.9s
^C^C已加载掘金登录状态
第 1 页: 获取 16 条
第 2 页: 获取 19 条
第 3 页: 获取 18 条
第 4 页: 获取 19 条
第 5 页: 获取 18 条
第 6 页: 获取 20 条
沸点共 100 条，耗时 4.9s
已写入 MySQL 库 juejin: 沸点 100 条, 评论 0 条（已替换旧评论）
评论巡检: 近 3 天沸点 177 条，本次已抓 0 条，巡检 177 条
  巡检进度 20/177
  巡检进度 40/177
  巡检进度 60/177
  巡检进度 80/177
  巡检进度 100/177
  巡检进度 120/177
  巡检进度 140/177
  巡检进度 160/177
  巡检进度 177/177
评论巡检完成: 覆盖 177 条沸点，刷新评论 4783 条，耗时 1165.5s
总耗时: 1170.6s
